(---------------------------------------------------------------------)
(                                                                     )
(    Allegro Netrev Import Logic                                      )
(                                                                     )
(    Drawing          : PWM-CIRCUIT.brd                               )
(    Software Version : 16.6B033                                      )
(    Date/Time        : Tue Mar 19 09:49:36 2024                      )
(                                                                     )
(---------------------------------------------------------------------)


------ Directives ------

RIPUP_ETCH FALSE;
RIPUP_DELETE_FIRST_SEGMENT FALSE;
RIPUP_RETAIN_BONDWIRE FALSE;
RIPUP_SYMBOLS ALWAYS;
Missing symbol has error FALSE;
SCHEMATIC_DIRECTORY 'D:\30602\PWM-CIRCUIT\allegro';
BOARD_DIRECTORY '';
OLD_BOARD_NAME 'D:/30602/PWM-CIRCUIT/allegro/PWM-CIRCUIT.brd';
NEW_BOARD_NAME 'D:/30602/PWM-CIRCUIT/allegro/PWM-CIRCUIT.brd';

CmdLine: netrev.exe -y 1 -n -i D:\30602\PWM-CIRCUIT\allegro D:\30602\PWM-CIRCUIT\allegro\PWM-CIRCUIT.brd D:\30602\PWM-CIRCUIT\allegro\PWM-CIRCUIT.brd

------ Preparing to read pst files ------

Starting to read D:/30602/PWM-CIRCUIT/allegro/pstchip.dat 
   Finished reading D:/30602/PWM-CIRCUIT/allegro/pstchip.dat (00:00:00.06)
Starting to read D:/30602/PWM-CIRCUIT/allegro/pstxprt.dat 
   Finished reading D:/30602/PWM-CIRCUIT/allegro/pstxprt.dat (00:00:00.00)
Starting to read D:/30602/PWM-CIRCUIT/allegro/pstxnet.dat 
   Finished reading D:/30602/PWM-CIRCUIT/allegro/pstxnet.dat (00:00:00.00)

------ Oversights/Warnings/Errors ------


------ Library Paths ------
MODULEPATH =  . 
           c:/cadence/spb_16.6/share/local/pcb/modules 

PSMPATH =  . 
           symbols 
           .. 
           ../symbols 
           c:/cadence/spb_16.6/share/local/pcb/symbols 
           c:/cadence/spb_16.6/share/pcb/pcb_lib/symbols 
           c:/cadence/spb_16.6/share/pcb/allegrolib/symbols 

PADPATH =  . 
           symbols 
           .. 
           ../symbols 
           c:/cadence/spb_16.6/share/local/pcb/padstacks 
           c:/cadence/spb_16.6/share/pcb/pcb_lib/symbols 
           c:/cadence/spb_16.6/share/pcb/allegrolib/symbols 


------ Summary Statistics ------


netrev run on Mar 19 9:49:36 2024
   DESIGN NAME : 'PWM-CIRCUIT'
   PACKAGING ON Sep  3 2012 03:32:19

   COMPILE 'logic'
   CHECK_PIN_NAMES OFF
   CROSS_REFERENCE OFF
   FEEDBACK OFF
   INCREMENTAL OFF
   INTERFACE_TYPE PHYSICAL
   MAX_ERRORS 500
   MERGE_MINIMUM 5
   NET_NAME_CHARS '#%&()*+-./:=>?@[]^_`|'
   NET_NAME_LENGTH 24
   OVERSIGHTS ON
   REPLACE_CHECK OFF
   SINGLE_NODE_NETS ON
   SPLIT_MINIMUM 0
   SUPPRESS   20
   WARNINGS ON

 No error detected
 No oversight detected
 No warning detected

cpu time      0:00:49
elapsed time  0:00:00

